[2026-02-03 16:35:43] CitasCliente::crearCita EXCEPTION: SQLSTATE[23000]: Integrity constraint violation: 1048 Column 'id_usuario' cannot be null | errorInfo: Array
(
    [0] => 23000
    [1] => 1048
    [2] => Column 'id_usuario' cannot be null
)

[2026-02-03 16:35:43] crearCita devolvió false. Payload: Array
(
    [accion] => crear
    [id_paciente] => 18
    [id_servicio] => 3
    [id_subservicio] => 1
    [id_especialidad] => 1
    [tipo] => Acicalamiento
    [observaciones] => 
    [fecha_hora] => 2026-02-12 08:35:00
    [fecha_hora_fin] => 2026-02-12 09:35:00
    [estado] => Pendiente
)

[2026-02-03 16:50:44] Entrando a listarCitasCliente. Usuario: 102
[2026-02-03 16:50:44] CitasCliente::listarCitasPropietario EXCEPTION: SQLSTATE[42S22]: Column not found: 1054 Unknown column 'u.nombres' in 'field list' | SQL: SELECT 
                        a.id_agendamiento,
                        a.tipo,
                        a.observaciones,
                        a.fecha_hora,
                        a.fecha_hora_fin,
                        a.estado,
                        
                        pr.id_propietario,
                        CONCAT(pr.nombres, ' ', pr.apellidos) as propietario_nombre,
                        pr.telefono as propietario_telefono,
                        
                        pac.id_paciente,
                        pac.nombre as mascota_nombre,
                        pac.especie as mascota_especie,
                        pac.raza as mascota_raza,
                        
                        s.id_servicio,
                        s.nombre as servicio_nombre,
                        
                        sub.id_subservicio,
                        sub.nombre as subservicio_nombre,
                        sub.costo as subservicio_costo,
                        
                        u.id_usuario,
                        CONCAT(u.nombres, ' ', u.apellidos) as veterinario_nombre
                        
                    FROM agendamiento a
                    INNER JOIN propietario pr ON a.id_propietario = pr.id_propietario
                    INNER JOIN paciente pac ON a.id_paciente = pac.id_paciente
                    LEFT JOIN servicio s ON a.id_servicio = s.id_servicio
                    LEFT JOIN subservicios sub ON a.id_subservicio = sub.id_subservicio
                    LEFT JOIN usuario u ON a.id_usuario = u.id_usuario
                    
                    WHERE a.id_propietario = :id_propietario ORDER BY a.fecha_hora ASC
[2026-02-03 16:50:44] listarCitasCliente: id_propietario=5 - citas_obtenidas=0
[2026-02-03 16:50:46] Entrando a listarCitasCliente. Usuario: 102
[2026-02-03 16:50:46] CitasCliente::listarCitasPropietario EXCEPTION: SQLSTATE[42S22]: Column not found: 1054 Unknown column 'u.nombres' in 'field list' | SQL: SELECT 
                        a.id_agendamiento,
                        a.tipo,
                        a.observaciones,
                        a.fecha_hora,
                        a.fecha_hora_fin,
                        a.estado,
                        
                        pr.id_propietario,
                        CONCAT(pr.nombres, ' ', pr.apellidos) as propietario_nombre,
                        pr.telefono as propietario_telefono,
                        
                        pac.id_paciente,
                        pac.nombre as mascota_nombre,
                        pac.especie as mascota_especie,
                        pac.raza as mascota_raza,
                        
                        s.id_servicio,
                        s.nombre as servicio_nombre,
                        
                        sub.id_subservicio,
                        sub.nombre as subservicio_nombre,
                        sub.costo as subservicio_costo,
                        
                        u.id_usuario,
                        CONCAT(u.nombres, ' ', u.apellidos) as veterinario_nombre
                        
                    FROM agendamiento a
                    INNER JOIN propietario pr ON a.id_propietario = pr.id_propietario
                    INNER JOIN paciente pac ON a.id_paciente = pac.id_paciente
                    LEFT JOIN servicio s ON a.id_servicio = s.id_servicio
                    LEFT JOIN subservicios sub ON a.id_subservicio = sub.id_subservicio
                    LEFT JOIN usuario u ON a.id_usuario = u.id_usuario
                    
                    WHERE a.id_propietario = :id_propietario ORDER BY a.fecha_hora ASC
[2026-02-03 16:50:46] listarCitasCliente: id_propietario=5 - citas_obtenidas=0
[2026-02-03 16:50:47] Entrando a listarCitasCliente. Usuario: 102
[2026-02-03 16:50:47] CitasCliente::listarCitasPropietario EXCEPTION: SQLSTATE[42S22]: Column not found: 1054 Unknown column 'u.nombres' in 'field list' | SQL: SELECT 
                        a.id_agendamiento,
                        a.tipo,
                        a.observaciones,
                        a.fecha_hora,
                        a.fecha_hora_fin,
                        a.estado,
                        
                        pr.id_propietario,
                        CONCAT(pr.nombres, ' ', pr.apellidos) as propietario_nombre,
                        pr.telefono as propietario_telefono,
                        
                        pac.id_paciente,
                        pac.nombre as mascota_nombre,
                        pac.especie as mascota_especie,
                        pac.raza as mascota_raza,
                        
                        s.id_servicio,
                        s.nombre as servicio_nombre,
                        
                        sub.id_subservicio,
                        sub.nombre as subservicio_nombre,
                        sub.costo as subservicio_costo,
                        
                        u.id_usuario,
                        CONCAT(u.nombres, ' ', u.apellidos) as veterinario_nombre
                        
                    FROM agendamiento a
                    INNER JOIN propietario pr ON a.id_propietario = pr.id_propietario
                    INNER JOIN paciente pac ON a.id_paciente = pac.id_paciente
                    LEFT JOIN servicio s ON a.id_servicio = s.id_servicio
                    LEFT JOIN subservicios sub ON a.id_subservicio = sub.id_subservicio
                    LEFT JOIN usuario u ON a.id_usuario = u.id_usuario
                    
                    WHERE a.id_propietario = :id_propietario ORDER BY a.fecha_hora ASC
[2026-02-03 16:50:47] listarCitasCliente: id_propietario=5 - citas_obtenidas=0
[2026-02-03 16:50:50] Entrando a listarCitasCliente. Usuario: 102
[2026-02-03 16:50:50] CitasCliente::listarCitasPropietario EXCEPTION: SQLSTATE[42S22]: Column not found: 1054 Unknown column 'u.nombres' in 'field list' | SQL: SELECT 
                        a.id_agendamiento,
                        a.tipo,
                        a.observaciones,
                        a.fecha_hora,
                        a.fecha_hora_fin,
                        a.estado,
                        
                        pr.id_propietario,
                        CONCAT(pr.nombres, ' ', pr.apellidos) as propietario_nombre,
                        pr.telefono as propietario_telefono,
                        
                        pac.id_paciente,
                        pac.nombre as mascota_nombre,
                        pac.especie as mascota_especie,
                        pac.raza as mascota_raza,
                        
                        s.id_servicio,
                        s.nombre as servicio_nombre,
                        
                        sub.id_subservicio,
                        sub.nombre as subservicio_nombre,
                        sub.costo as subservicio_costo,
                        
                        u.id_usuario,
                        CONCAT(u.nombres, ' ', u.apellidos) as veterinario_nombre
                        
                    FROM agendamiento a
                    INNER JOIN propietario pr ON a.id_propietario = pr.id_propietario
                    INNER JOIN paciente pac ON a.id_paciente = pac.id_paciente
                    LEFT JOIN servicio s ON a.id_servicio = s.id_servicio
                    LEFT JOIN subservicios sub ON a.id_subservicio = sub.id_subservicio
                    LEFT JOIN usuario u ON a.id_usuario = u.id_usuario
                    
                    WHERE a.id_propietario = :id_propietario ORDER BY a.fecha_hora ASC
[2026-02-03 16:50:50] listarCitasCliente: id_propietario=5 - citas_obtenidas=0
[2026-02-03 16:50:53] Entrando a listarCitasCliente. Usuario: 102
[2026-02-03 16:50:53] CitasCliente::listarCitasPropietario EXCEPTION: SQLSTATE[42S22]: Column not found: 1054 Unknown column 'u.nombres' in 'field list' | SQL: SELECT 
                        a.id_agendamiento,
                        a.tipo,
                        a.observaciones,
                        a.fecha_hora,
                        a.fecha_hora_fin,
                        a.estado,
                        
                        pr.id_propietario,
                        CONCAT(pr.nombres, ' ', pr.apellidos) as propietario_nombre,
                        pr.telefono as propietario_telefono,
                        
                        pac.id_paciente,
                        pac.nombre as mascota_nombre,
                        pac.especie as mascota_especie,
                        pac.raza as mascota_raza,
                        
                        s.id_servicio,
                        s.nombre as servicio_nombre,
                        
                        sub.id_subservicio,
                        sub.nombre as subservicio_nombre,
                        sub.costo as subservicio_costo,
                        
                        u.id_usuario,
                        CONCAT(u.nombres, ' ', u.apellidos) as veterinario_nombre
                        
                    FROM agendamiento a
                    INNER JOIN propietario pr ON a.id_propietario = pr.id_propietario
                    INNER JOIN paciente pac ON a.id_paciente = pac.id_paciente
                    LEFT JOIN servicio s ON a.id_servicio = s.id_servicio
                    LEFT JOIN subservicios sub ON a.id_subservicio = sub.id_subservicio
                    LEFT JOIN usuario u ON a.id_usuario = u.id_usuario
                    
                    WHERE a.id_propietario = :id_propietario ORDER BY a.fecha_hora ASC
[2026-02-03 16:50:53] listarCitasCliente: id_propietario=5 - citas_obtenidas=0
[2026-02-03 16:51:01] Entrando a listarCitasCliente. Usuario: 102
[2026-02-03 16:51:01] CitasCliente::listarCitasPropietario EXCEPTION: SQLSTATE[42S22]: Column not found: 1054 Unknown column 'u.nombres' in 'field list' | SQL: SELECT 
                        a.id_agendamiento,
                        a.tipo,
                        a.observaciones,
                        a.fecha_hora,
                        a.fecha_hora_fin,
                        a.estado,
                        
                        pr.id_propietario,
                        CONCAT(pr.nombres, ' ', pr.apellidos) as propietario_nombre,
                        pr.telefono as propietario_telefono,
                        
                        pac.id_paciente,
                        pac.nombre as mascota_nombre,
                        pac.especie as mascota_especie,
                        pac.raza as mascota_raza,
                        
                        s.id_servicio,
                        s.nombre as servicio_nombre,
                        
                        sub.id_subservicio,
                        sub.nombre as subservicio_nombre,
                        sub.costo as subservicio_costo,
                        
                        u.id_usuario,
                        CONCAT(u.nombres, ' ', u.apellidos) as veterinario_nombre
                        
                    FROM agendamiento a
                    INNER JOIN propietario pr ON a.id_propietario = pr.id_propietario
                    INNER JOIN paciente pac ON a.id_paciente = pac.id_paciente
                    LEFT JOIN servicio s ON a.id_servicio = s.id_servicio
                    LEFT JOIN subservicios sub ON a.id_subservicio = sub.id_subservicio
                    LEFT JOIN usuario u ON a.id_usuario = u.id_usuario
                    
                    WHERE a.id_propietario = :id_propietario ORDER BY a.fecha_hora ASC
[2026-02-03 16:51:01] listarCitasCliente: id_propietario=5 - citas_obtenidas=0
[2026-02-03 16:52:37] Entrando a listarCitasCliente. Usuario: 102
[2026-02-03 16:52:37] CitasCliente::listarCitasPropietario EXCEPTION: SQLSTATE[42S22]: Column not found: 1054 Unknown column 'u.nombres' in 'field list' | SQL: SELECT 
                        a.id_agendamiento,
                        a.tipo,
                        a.observaciones,
                        a.fecha_hora,
                        a.fecha_hora_fin,
                        a.estado,
                        
                        pr.id_propietario,
                        CONCAT(pr.nombres, ' ', pr.apellidos) as propietario_nombre,
                        pr.telefono as propietario_telefono,
                        
                        pac.id_paciente,
                        pac.nombre as mascota_nombre,
                        pac.especie as mascota_especie,
                        pac.raza as mascota_raza,
                        
                        s.id_servicio,
                        s.nombre as servicio_nombre,
                        
                        sub.id_subservicio,
                        sub.nombre as subservicio_nombre,
                        sub.costo as subservicio_costo,
                        
                        u.id_usuario,
                        CONCAT(u.nombres, ' ', u.apellidos) as veterinario_nombre
                        
                    FROM agendamiento a
                    INNER JOIN propietario pr ON a.id_propietario = pr.id_propietario
                    INNER JOIN paciente pac ON a.id_paciente = pac.id_paciente
                    LEFT JOIN servicio s ON a.id_servicio = s.id_servicio
                    LEFT JOIN subservicios sub ON a.id_subservicio = sub.id_subservicio
                    LEFT JOIN usuario u ON a.id_usuario = u.id_usuario
                    
                    WHERE a.id_propietario = :id_propietario ORDER BY a.fecha_hora ASC
[2026-02-03 16:52:37] listarCitasCliente: id_propietario=5 - citas_obtenidas=0
[2026-02-03 16:53:47] Entrando a listarCitasCliente. Usuario: 102
[2026-02-03 16:53:47] CitasCliente::listarCitasPropietario EXCEPTION: SQLSTATE[42S22]: Column not found: 1054 Unknown column 'u.nombres' in 'field list' | SQL: SELECT 
                        a.id_agendamiento,
                        a.tipo,
                        a.observaciones,
                        a.fecha_hora,
                        a.fecha_hora_fin,
                        a.estado,
                        
                        pr.id_propietario,
                        CONCAT(pr.nombres, ' ', pr.apellidos) as propietario_nombre,
                        pr.telefono as propietario_telefono,
                        
                        pac.id_paciente,
                        pac.nombre as mascota_nombre,
                        pac.especie as mascota_especie,
                        pac.raza as mascota_raza,
                        
                        s.id_servicio,
                        s.nombre as servicio_nombre,
                        
                        sub.id_subservicio,
                        sub.nombre as subservicio_nombre,
                        sub.costo as subservicio_costo,
                        
                        a.id_usuario,
                        COALESCE(CONCAT(u.nombres, ' ', u.apellidos), 'No asignado') as veterinario_nombre
                        
                    FROM agendamiento a
                    INNER JOIN propietario pr ON a.id_propietario = pr.id_propietario
                    INNER JOIN paciente pac ON a.id_paciente = pac.id_paciente
                    LEFT JOIN servicio s ON a.id_servicio = s.id_servicio
                    LEFT JOIN subservicios sub ON a.id_subservicio = sub.id_subservicio
                    LEFT JOIN usuario u ON a.id_usuario = u.id_usuario
                    
                    WHERE a.id_propietario = :id_propietario ORDER BY a.fecha_hora ASC
[2026-02-03 16:53:47] listarCitasCliente: id_propietario=5 - citas_obtenidas=0
[2026-02-03 16:53:49] Entrando a listarCitasCliente. Usuario: 102
[2026-02-03 16:53:49] CitasCliente::listarCitasPropietario EXCEPTION: SQLSTATE[42S22]: Column not found: 1054 Unknown column 'u.nombres' in 'field list' | SQL: SELECT 
                        a.id_agendamiento,
                        a.tipo,
                        a.observaciones,
                        a.fecha_hora,
                        a.fecha_hora_fin,
                        a.estado,
                        
                        pr.id_propietario,
                        CONCAT(pr.nombres, ' ', pr.apellidos) as propietario_nombre,
                        pr.telefono as propietario_telefono,
                        
                        pac.id_paciente,
                        pac.nombre as mascota_nombre,
                        pac.especie as mascota_especie,
                        pac.raza as mascota_raza,
                        
                        s.id_servicio,
                        s.nombre as servicio_nombre,
                        
                        sub.id_subservicio,
                        sub.nombre as subservicio_nombre,
                        sub.costo as subservicio_costo,
                        
                        a.id_usuario,
                        COALESCE(CONCAT(u.nombres, ' ', u.apellidos), 'No asignado') as veterinario_nombre
                        
                    FROM agendamiento a
                    INNER JOIN propietario pr ON a.id_propietario = pr.id_propietario
                    INNER JOIN paciente pac ON a.id_paciente = pac.id_paciente
                    LEFT JOIN servicio s ON a.id_servicio = s.id_servicio
                    LEFT JOIN subservicios sub ON a.id_subservicio = sub.id_subservicio
                    LEFT JOIN usuario u ON a.id_usuario = u.id_usuario
                    
                    WHERE a.id_propietario = :id_propietario ORDER BY a.fecha_hora ASC
[2026-02-03 16:53:49] listarCitasCliente: id_propietario=5 - citas_obtenidas=0
[2026-02-03 16:56:16] Entrando a listarCitasCliente. Usuario: 102
[2026-02-03 16:56:16] listarCitasCliente: id_propietario=5 - citas_obtenidas=3
[2026-02-03 16:57:29] Entrando a listarCitasCliente. Usuario: 102
[2026-02-03 16:57:29] listarCitasCliente: id_propietario=5 - citas_obtenidas=4
[2026-02-03 16:59:35] Entrando a listarCitasCliente. Usuario: 102
[2026-02-03 16:59:35] listarCitasCliente: id_propietario=5 - citas_obtenidas=4
[2026-02-03 17:11:27] Entrando a listarCitasCliente. Usuario: 1
[2026-02-03 17:11:27] listarCitasCliente: id_propietario=3 - citas_obtenidas=0
[2026-02-03 17:11:30] Entrando a listarCitasCliente. Usuario: 1
[2026-02-03 17:11:30] listarCitasCliente: id_propietario=3 - citas_obtenidas=0
[2026-02-03 17:11:33] Entrando a listarCitasCliente. Usuario: 1
[2026-02-03 17:11:33] listarCitasCliente: id_propietario=3 - citas_obtenidas=0
[2026-02-03 17:12:16] Entrando a listarCitasCliente. Usuario: 1
[2026-02-03 17:12:16] listarCitasCliente: id_propietario=3 - citas_obtenidas=1
[2026-02-03 17:28:31] Entrando a listarCitasCliente. Usuario: 1
[2026-02-03 17:28:31] listarCitasCliente: id_propietario=3 - citas_obtenidas=2
[2026-02-03 17:40:09] Entrando a listarCitasCliente. Usuario: 1
[2026-02-03 17:40:09] listarCitasCliente: id_propietario=3 - citas_obtenidas=2
[2026-02-03 17:48:27] Entrando a listarCitasCliente. Usuario: 1
[2026-02-03 17:48:27] listarCitasCliente: id_propietario=3 - citas_obtenidas=2
[2026-02-03 17:48:42] Entrando a listarCitasCliente. Usuario: 1
[2026-02-03 17:48:42] listarCitasCliente: id_propietario=3 - citas_obtenidas=2
[2026-02-03 17:48:55] Entrando a listarCitasCliente. Usuario: 1
[2026-02-03 17:48:55] listarCitasCliente: id_propietario=3 - citas_obtenidas=2
[2026-02-03 17:49:05] Entrando a listarCitasCliente. Usuario: 1
[2026-02-03 17:49:05] listarCitasCliente: id_propietario=3 - citas_obtenidas=2
[2026-02-04 13:07:21] Entrando a listarCitasCliente. Usuario: 1
[2026-02-04 13:07:21] listarCitasCliente: id_propietario=3 - citas_obtenidas=2
[2026-02-04 13:56:44] Entrando a listarCitasCliente. Usuario: 102
[2026-02-04 13:56:44] listarCitasCliente: id_propietario=5 - citas_obtenidas=4
[2026-02-05 13:11:23] Entrando a listarCitasCliente. Usuario: 1
[2026-02-05 13:11:23] listarCitasCliente: id_propietario=3 - citas_obtenidas=2
[2026-02-05 13:12:08] Entrando a listarCitasCliente. Usuario: 1
[2026-02-05 13:12:08] listarCitasCliente: id_propietario=3 - citas_obtenidas=3
[2026-02-05 13:12:36] Entrando a listarCitasCliente. Usuario: 1
[2026-02-05 13:12:36] listarCitasCliente: id_propietario=3 - citas_obtenidas=3
[2026-02-05 13:13:27] Entrando a listarCitasCliente. Usuario: 1
[2026-02-05 13:13:27] listarCitasCliente: id_propietario=3 - citas_obtenidas=4
[2026-02-05 13:14:28] Entrando a listarCitasCliente. Usuario: 1
[2026-02-05 13:14:28] listarCitasCliente: id_propietario=3 - citas_obtenidas=4
[2026-02-05 13:15:33] Entrando a listarCitasCliente. Usuario: 1
[2026-02-05 13:15:33] listarCitasCliente: id_propietario=3 - citas_obtenidas=4
[2026-02-05 13:39:48] Entrando a listarCitasCliente. Usuario: 11
[2026-02-05 13:39:48] CitasCliente::listarCitasPropietario EXCEPTION: SQLSTATE[42S22]: Column not found: 1054 Unknown column 'a.id_propietario' in 'where clause' | SQL: SELECT 
                        a.id_agendamiento,
                        a.tipo,
                        a.observaciones,
                        a.fecha_hora,
                        a.fecha_hora_fin,
                        a.estado,
                        
                        pr.id_propietario,
                        CONCAT(pr.nombres, ' ', pr.apellidos) as propietario_nombre,
                        pr.telefono as propietario_telefono,
                        
                        pac.id_paciente,
                        pac.nombre as mascota_nombre,
                        pac.especie as mascota_especie,
                        pac.raza as mascota_raza,
                        
                        s.id_servicio,
                        s.nombre as servicio_nombre,
                        
                        sub.id_subservicio,
                        sub.nombre as subservicio_nombre,
                        sub.costo as subservicio_costo,
                        
                        a.id_usuario,
                        COALESCE(CONCAT(v.nombres, ' ', v.apellidos), 'No asignado') as veterinario_nombre
                        
                    FROM agendamiento a
                    INNER JOIN propietario pr ON a.id_propietario = pr.id_propietario
                    INNER JOIN paciente pac ON a.id_paciente = pac.id_paciente
                    LEFT JOIN servicio s ON a.id_servicio = s.id_servicio
                    LEFT JOIN subservicios sub ON a.id_subservicio = sub.id_subservicio
                    LEFT JOIN veterinario v ON a.id_usuario = v.id_usuario
                    
                    WHERE a.id_propietario = :id_propietario ORDER BY a.fecha_hora ASC
[2026-02-05 13:39:48] listarCitasCliente: id_propietario=2 - citas_obtenidas=0
[2026-02-05 13:39:56] Entrando a listarCitasCliente. Usuario: 11
[2026-02-05 13:39:56] CitasCliente::listarCitasPropietario EXCEPTION: SQLSTATE[42S22]: Column not found: 1054 Unknown column 'a.id_propietario' in 'where clause' | SQL: SELECT 
                        a.id_agendamiento,
                        a.tipo,
                        a.observaciones,
                        a.fecha_hora,
                        a.fecha_hora_fin,
                        a.estado,
                        
                        pr.id_propietario,
                        CONCAT(pr.nombres, ' ', pr.apellidos) as propietario_nombre,
                        pr.telefono as propietario_telefono,
                        
                        pac.id_paciente,
                        pac.nombre as mascota_nombre,
                        pac.especie as mascota_especie,
                        pac.raza as mascota_raza,
                        
                        s.id_servicio,
                        s.nombre as servicio_nombre,
                        
                        sub.id_subservicio,
                        sub.nombre as subservicio_nombre,
                        sub.costo as subservicio_costo,
                        
                        a.id_usuario,
                        COALESCE(CONCAT(v.nombres, ' ', v.apellidos), 'No asignado') as veterinario_nombre
                        
                    FROM agendamiento a
                    INNER JOIN propietario pr ON a.id_propietario = pr.id_propietario
                    INNER JOIN paciente pac ON a.id_paciente = pac.id_paciente
                    LEFT JOIN servicio s ON a.id_servicio = s.id_servicio
                    LEFT JOIN subservicios sub ON a.id_subservicio = sub.id_subservicio
                    LEFT JOIN veterinario v ON a.id_usuario = v.id_usuario
                    
                    WHERE a.id_propietario = :id_propietario ORDER BY a.fecha_hora ASC
[2026-02-05 13:39:56] listarCitasCliente: id_propietario=2 - citas_obtenidas=0
[2026-02-05 13:39:58] Entrando a listarCitasCliente. Usuario: 11
[2026-02-05 13:39:58] CitasCliente::listarCitasPropietario EXCEPTION: SQLSTATE[42S22]: Column not found: 1054 Unknown column 'a.id_propietario' in 'where clause' | SQL: SELECT 
                        a.id_agendamiento,
                        a.tipo,
                        a.observaciones,
                        a.fecha_hora,
                        a.fecha_hora_fin,
                        a.estado,
                        
                        pr.id_propietario,
                        CONCAT(pr.nombres, ' ', pr.apellidos) as propietario_nombre,
                        pr.telefono as propietario_telefono,
                        
                        pac.id_paciente,
                        pac.nombre as mascota_nombre,
                        pac.especie as mascota_especie,
                        pac.raza as mascota_raza,
                        
                        s.id_servicio,
                        s.nombre as servicio_nombre,
                        
                        sub.id_subservicio,
                        sub.nombre as subservicio_nombre,
                        sub.costo as subservicio_costo,
                        
                        a.id_usuario,
                        COALESCE(CONCAT(v.nombres, ' ', v.apellidos), 'No asignado') as veterinario_nombre
                        
                    FROM agendamiento a
                    INNER JOIN propietario pr ON a.id_propietario = pr.id_propietario
                    INNER JOIN paciente pac ON a.id_paciente = pac.id_paciente
                    LEFT JOIN servicio s ON a.id_servicio = s.id_servicio
                    LEFT JOIN subservicios sub ON a.id_subservicio = sub.id_subservicio
                    LEFT JOIN veterinario v ON a.id_usuario = v.id_usuario
                    
                    WHERE a.id_propietario = :id_propietario ORDER BY a.fecha_hora ASC
[2026-02-05 13:39:58] listarCitasCliente: id_propietario=2 - citas_obtenidas=0
[2026-02-09 13:30:49] Entrando a listarCitasCliente. Usuario: 11
[2026-02-09 13:30:49] CitasCliente::listarCitasPropietario EXCEPTION: SQLSTATE[42S22]: Column not found: 1054 Unknown column 'a.id_propietario' in 'where clause' | SQL: SELECT 
                        a.id_agendamiento,
                        a.tipo,
                        a.observaciones,
                        a.fecha_hora,
                        a.fecha_hora_fin,
                        a.estado,
                        
                        pr.id_propietario,
                        CONCAT(pr.nombres, ' ', pr.apellidos) as propietario_nombre,
                        pr.telefono as propietario_telefono,
                        
                        pac.id_paciente,
                        pac.nombre as mascota_nombre,
                        pac.especie as mascota_especie,
                        pac.raza as mascota_raza,
                        
                        s.id_servicio,
                        s.nombre as servicio_nombre,
                        
                        sub.id_subservicio,
                        sub.nombre as subservicio_nombre,
                        sub.costo as subservicio_costo,
                        
                        a.id_usuario,
                        COALESCE(CONCAT(v.nombres, ' ', v.apellidos), 'No asignado') as veterinario_nombre
                        
                    FROM agendamiento a
                    INNER JOIN propietario pr ON a.id_propietario = pr.id_propietario
                    INNER JOIN paciente pac ON a.id_paciente = pac.id_paciente
                    LEFT JOIN servicio s ON a.id_servicio = s.id_servicio
                    LEFT JOIN subservicios sub ON a.id_subservicio = sub.id_subservicio
                    LEFT JOIN veterinario v ON a.id_usuario = v.id_usuario
                    
                    WHERE a.id_propietario = :id_propietario ORDER BY a.fecha_hora ASC
[2026-02-09 13:30:49] listarCitasCliente: id_propietario=2 - citas_obtenidas=0
[2026-02-09 13:37:10] Entrando a listarCitasCliente. Usuario: 11
[2026-02-09 13:37:10] CitasCliente::listarCitasPropietario EXCEPTION: SQLSTATE[42S22]: Column not found: 1054 Unknown column 'a.id_propietario' in 'where clause' | SQL: SELECT 
                        a.id_agendamiento,
                        a.tipo,
                        a.observaciones,
                        a.fecha_hora,
                        a.fecha_hora_fin,
                        a.estado,
                        
                        pr.id_propietario,
                        CONCAT(pr.nombres, ' ', pr.apellidos) as propietario_nombre,
                        pr.telefono as propietario_telefono,
                        
                        pac.id_paciente,
                        pac.nombre as mascota_nombre,
                        pac.especie as mascota_especie,
                        pac.raza as mascota_raza,
                        
                        s.id_servicio,
                        s.nombre as servicio_nombre,
                        
                        sub.id_subservicio,
                        sub.nombre as subservicio_nombre,
                        sub.costo as subservicio_costo,
                        
                        a.id_usuario,
                        COALESCE(CONCAT(v.nombres, ' ', v.apellidos), 'No asignado') as veterinario_nombre
                        
                    FROM agendamiento a
                    INNER JOIN propietario pr ON a.id_propietario = pr.id_propietario
                    INNER JOIN paciente pac ON a.id_paciente = pac.id_paciente
                    LEFT JOIN servicio s ON a.id_servicio = s.id_servicio
                    LEFT JOIN subservicios sub ON a.id_subservicio = sub.id_subservicio
                    LEFT JOIN veterinario v ON a.id_usuario = v.id_usuario
                    
                    WHERE a.id_propietario = :id_propietario ORDER BY a.fecha_hora ASC
[2026-02-09 13:37:10] listarCitasCliente: id_propietario=2 - citas_obtenidas=0
[2026-02-09 13:42:57] Entrando a listarCitasCliente. Usuario: 11
[2026-02-09 13:42:57] CitasCliente::listarCitasPropietario EXCEPTION: SQLSTATE[42S22]: Column not found: 1054 Unknown column 'a.id_propietario' in 'where clause' | SQL: SELECT 
                        a.id_agendamiento,
                        a.tipo,
                        a.observaciones,
                        a.fecha_hora,
                        a.fecha_hora_fin,
                        a.estado,
                        
                        pr.id_propietario,
                        CONCAT(pr.nombres, ' ', pr.apellidos) as propietario_nombre,
                        pr.telefono as propietario_telefono,
                        
                        pac.id_paciente,
                        pac.nombre as mascota_nombre,
                        pac.especie as mascota_especie,
                        pac.raza as mascota_raza,
                        
                        s.id_servicio,
                        s.nombre as servicio_nombre,
                        
                        sub.id_subservicio,
                        sub.nombre as subservicio_nombre,
                        sub.costo as subservicio_costo,
                        
                        a.id_usuario,
                        COALESCE(CONCAT(v.nombres, ' ', v.apellidos), 'No asignado') as veterinario_nombre
                        
                    FROM agendamiento a
                    INNER JOIN propietario pr ON a.id_propietario = pr.id_propietario
                    INNER JOIN paciente pac ON a.id_paciente = pac.id_paciente
                    LEFT JOIN servicio s ON a.id_servicio = s.id_servicio
                    LEFT JOIN subservicios sub ON a.id_subservicio = sub.id_subservicio
                    LEFT JOIN veterinario v ON a.id_usuario = v.id_usuario
                    
                    WHERE a.id_propietario = :id_propietario ORDER BY a.fecha_hora ASC
[2026-02-09 13:42:57] listarCitasCliente: id_propietario=2 - citas_obtenidas=0
[2026-02-09 13:48:22] Entrando a listarCitasCliente. Usuario: 11
[2026-02-09 13:48:22] CitasCliente::listarCitasPropietario EXCEPTION: SQLSTATE[42S22]: Column not found: 1054 Unknown column 'a.id_propietario' in 'where clause' | SQL: SELECT 
                        a.id_agendamiento,
                        a.tipo,
                        a.observaciones,
                        a.fecha_hora,
                        a.fecha_hora_fin,
                        a.estado,
                        
                        pr.id_propietario,
                        CONCAT(pr.nombres, ' ', pr.apellidos) as propietario_nombre,
                        pr.telefono as propietario_telefono,
                        
                        pac.id_paciente,
                        pac.nombre as mascota_nombre,
                        pac.especie as mascota_especie,
                        pac.raza as mascota_raza,
                        
                        s.id_servicio,
                        s.nombre as servicio_nombre,
                        
                        sub.id_subservicio,
                        sub.nombre as subservicio_nombre,
                        sub.costo as subservicio_costo,
                        
                        a.id_usuario,
                        COALESCE(CONCAT(v.nombres, ' ', v.apellidos), 'No asignado') as veterinario_nombre
                        
                    FROM agendamiento a
                    INNER JOIN propietario pr ON a.id_propietario = pr.id_propietario
                    INNER JOIN paciente pac ON a.id_paciente = pac.id_paciente
                    LEFT JOIN servicio s ON a.id_servicio = s.id_servicio
                    LEFT JOIN subservicios sub ON a.id_subservicio = sub.id_subservicio
                    LEFT JOIN veterinario v ON a.id_usuario = v.id_usuario
                    
                    WHERE a.id_propietario = :id_propietario ORDER BY a.fecha_hora ASC
[2026-02-09 13:48:22] listarCitasCliente: id_propietario=2 - citas_obtenidas=0
[2026-02-09 13:50:51] Entrando a listarCitasCliente. Usuario: 11
[2026-02-09 13:50:51] CitasCliente::listarCitasPropietario EXCEPTION: SQLSTATE[42S22]: Column not found: 1054 Unknown column 'a.id_propietario' in 'where clause' | SQL: SELECT 
                        a.id_agendamiento,
                        a.tipo,
                        a.observaciones,
                        a.fecha_hora,
                        a.fecha_hora_fin,
                        a.estado,
                        
                        pr.id_propietario,
                        CONCAT(pr.nombres, ' ', pr.apellidos) as propietario_nombre,
                        pr.telefono as propietario_telefono,
                        
                        pac.id_paciente,
                        pac.nombre as mascota_nombre,
                        pac.especie as mascota_especie,
                        pac.raza as mascota_raza,
                        
                        s.id_servicio,
                        s.nombre as servicio_nombre,
                        
                        sub.id_subservicio,
                        sub.nombre as subservicio_nombre,
                        sub.costo as subservicio_costo,
                        
                        a.id_usuario,
                        COALESCE(CONCAT(v.nombres, ' ', v.apellidos), 'No asignado') as veterinario_nombre
                        
                    FROM agendamiento a
                    INNER JOIN propietario pr ON a.id_propietario = pr.id_propietario
                    INNER JOIN paciente pac ON a.id_paciente = pac.id_paciente
                    LEFT JOIN servicio s ON a.id_servicio = s.id_servicio
                    LEFT JOIN subservicios sub ON a.id_subservicio = sub.id_subservicio
                    LEFT JOIN veterinario v ON a.id_usuario = v.id_usuario
                    
                    WHERE a.id_propietario = :id_propietario ORDER BY a.fecha_hora ASC
[2026-02-09 13:50:51] listarCitasCliente: id_propietario=2 - citas_obtenidas=0
[2026-02-09 14:20:55] Entrando a listarCitasCliente. Usuario: 11
[2026-02-09 14:20:55] CitasCliente::listarCitasPropietario EXCEPTION: SQLSTATE[42S22]: Column not found: 1054 Unknown column 'a.id_propietario' in 'where clause' | SQL: SELECT 
                        a.id_agendamiento,
                        a.tipo,
                        a.observaciones,
                        a.fecha_hora,
                        a.fecha_hora_fin,
                        a.estado,
                        
                        pr.id_propietario,
                        CONCAT(pr.nombres, ' ', pr.apellidos) as propietario_nombre,
                        pr.telefono as propietario_telefono,
                        
                        pac.id_paciente,
                        pac.nombre as mascota_nombre,
                        pac.especie as mascota_especie,
                        pac.raza as mascota_raza,
                        
                        s.id_servicio,
                        s.nombre as servicio_nombre,
                        
                        sub.id_subservicio,
                        sub.nombre as subservicio_nombre,
                        sub.costo as subservicio_costo,
                        
                        a.id_usuario,
                        COALESCE(CONCAT(v.nombres, ' ', v.apellidos), 'No asignado') as veterinario_nombre
                        
                    FROM agendamiento a
                    INNER JOIN propietario pr ON a.id_propietario = pr.id_propietario
                    INNER JOIN paciente pac ON a.id_paciente = pac.id_paciente
                    LEFT JOIN servicio s ON a.id_servicio = s.id_servicio
                    LEFT JOIN subservicios sub ON a.id_subservicio = sub.id_subservicio
                    LEFT JOIN veterinario v ON a.id_usuario = v.id_usuario
                    
                    WHERE a.id_propietario = :id_propietario ORDER BY a.fecha_hora ASC
[2026-02-09 14:20:55] listarCitasCliente: id_propietario=2 - citas_obtenidas=0
[2026-02-09 14:21:19] Entrando a listarCitasCliente. Usuario: 11
[2026-02-09 14:21:19] CitasCliente::listarCitasPropietario EXCEPTION: SQLSTATE[42S22]: Column not found: 1054 Unknown column 'a.id_propietario' in 'where clause' | SQL: SELECT 
                        a.id_agendamiento,
                        a.tipo,
                        a.observaciones,
                        a.fecha_hora,
                        a.fecha_hora_fin,
                        a.estado,
                        
                        pr.id_propietario,
                        CONCAT(pr.nombres, ' ', pr.apellidos) as propietario_nombre,
                        pr.telefono as propietario_telefono,
                        
                        pac.id_paciente,
                        pac.nombre as mascota_nombre,
                        pac.especie as mascota_especie,
                        pac.raza as mascota_raza,
                        
                        s.id_servicio,
                        s.nombre as servicio_nombre,
                        
                        sub.id_subservicio,
                        sub.nombre as subservicio_nombre,
                        sub.costo as subservicio_costo,
                        
                        a.id_usuario,
                        COALESCE(CONCAT(v.nombres, ' ', v.apellidos), 'No asignado') as veterinario_nombre
                        
                    FROM agendamiento a
                    INNER JOIN propietario pr ON a.id_propietario = pr.id_propietario
                    INNER JOIN paciente pac ON a.id_paciente = pac.id_paciente
                    LEFT JOIN servicio s ON a.id_servicio = s.id_servicio
                    LEFT JOIN subservicios sub ON a.id_subservicio = sub.id_subservicio
                    LEFT JOIN veterinario v ON a.id_usuario = v.id_usuario
                    
                    WHERE a.id_propietario = :id_propietario ORDER BY a.fecha_hora ASC
[2026-02-09 14:21:20] listarCitasCliente: id_propietario=2 - citas_obtenidas=0
[2026-02-18 12:38:51] Entrando a listarCitasCliente. Usuario: 11
[2026-02-18 12:38:51] CitasCliente::listarCitasPropietario EXCEPTION: SQLSTATE[42S22]: Column not found: 1054 Unknown column 'a.id_propietario' in 'where clause' | SQL: SELECT 
                        a.id_agendamiento,
                        a.tipo,
                        a.observaciones,
                        a.fecha_hora,
                        a.fecha_hora_fin,
                        a.estado,
                        
                        pr.id_propietario,
                        CONCAT(pr.nombres, ' ', pr.apellidos) as propietario_nombre,
                        pr.telefono as propietario_telefono,
                        
                        pac.id_paciente,
                        pac.nombre as mascota_nombre,
                        pac.especie as mascota_especie,
                        pac.raza as mascota_raza,
                        
                        s.id_servicio,
                        s.nombre as servicio_nombre,
                        
                        sub.id_subservicio,
                        sub.nombre as subservicio_nombre,
                        sub.costo as subservicio_costo,
                        
                        a.id_usuario,
                        COALESCE(CONCAT(v.nombres, ' ', v.apellidos), 'No asignado') as veterinario_nombre
                        
                    FROM agendamiento a
                    INNER JOIN propietario pr ON a.id_propietario = pr.id_propietario
                    INNER JOIN paciente pac ON a.id_paciente = pac.id_paciente
                    LEFT JOIN servicio s ON a.id_servicio = s.id_servicio
                    LEFT JOIN subservicios sub ON a.id_subservicio = sub.id_subservicio
                    LEFT JOIN veterinario v ON a.id_usuario = v.id_usuario
                    
                    WHERE a.id_propietario = :id_propietario ORDER BY a.fecha_hora ASC
[2026-02-18 12:38:51] listarCitasCliente: id_propietario=2 - citas_obtenidas=0
