╔════════════════════════════════════════════════════════════════╗
║  RFS 37: SISTEMA DE RECORDATORIOS AUTOMATICOS                 ║
║  Inicio: 2026-04-03 22:00:01                              ║
╚════════════════════════════════════════════════════════════════╝

→ Buscando citas entre 2026-04-04 22:00:01 y 2026-04-04 23:00:01
→ Configurado para enviar 24 horas antes de la cita

→ Se encontraron 0 citas pendientes de recordatorio

✓ No hay citas para procesar en este momento
╔════════════════════════════════════════════════════════════════╗
║  RFS 37: SISTEMA DE RECORDATORIOS AUTOMATICOS                 ║
║  Inicio: 2026-04-03 23:00:01                              ║
╚════════════════════════════════════════════════════════════════╝

→ Buscando citas entre 2026-04-04 23:00:01 y 2026-04-05 00:00:01
→ Configurado para enviar 24 horas antes de la cita

→ Se encontraron 0 citas pendientes de recordatorio

✓ No hay citas para procesar en este momento
╔════════════════════════════════════════════════════════════════╗
║  RFS 37: SISTEMA DE RECORDATORIOS AUTOMATICOS                 ║
║  Inicio: 2026-04-04 00:00:01                              ║
╚════════════════════════════════════════════════════════════════╝

→ Buscando citas entre 2026-04-05 00:00:01 y 2026-04-05 01:00:01
→ Configurado para enviar 24 horas antes de la cita

→ Se encontraron 0 citas pendientes de recordatorio

✓ No hay citas para procesar en este momento
╔════════════════════════════════════════════════════════════════╗
║  RFS 37: SISTEMA DE RECORDATORIOS AUTOMATICOS                 ║
║  Inicio: 2026-04-06 16:00:01                              ║
╚════════════════════════════════════════════════════════════════╝

→ Buscando citas entre 2026-04-07 16:00:01 y 2026-04-07 17:00:01
→ Configurado para enviar 24 horas antes de la cita

Error de conexion: SQLSTATE[HY000] [2002] Connection refused╔════════════════════════════════════════════════════════════════╗
║  RFS 37: SISTEMA DE RECORDATORIOS AUTOMATICOS                 ║
║  Inicio: 2026-04-07 09:00:01                              ║
╚════════════════════════════════════════════════════════════════╝

→ Buscando citas entre 2026-04-08 09:00:01 y 2026-04-08 10:00:01
→ Configurado para enviar 24 horas antes de la cita

Error de conexion: SQLSTATE[HY000] [2002] Connection refused╔════════════════════════════════════════════════════════════════╗
║  RFS 37: SISTEMA DE RECORDATORIOS AUTOMATICOS                 ║
║  Inicio: 2026-04-07 10:00:01                              ║
╚════════════════════════════════════════════════════════════════╝

→ Buscando citas entre 2026-04-08 10:00:01 y 2026-04-08 11:00:01
→ Configurado para enviar 24 horas antes de la cita

Error de conexion: SQLSTATE[HY000] [2002] Connection refused╔════════════════════════════════════════════════════════════════╗
║  RFS 37: SISTEMA DE RECORDATORIOS AUTOMATICOS                 ║
║  Inicio: 2026-04-07 12:00:01                              ║
╚════════════════════════════════════════════════════════════════╝

→ Buscando citas entre 2026-04-08 12:00:01 y 2026-04-08 13:00:01
→ Configurado para enviar 24 horas antes de la cita

Error de conexion: SQLSTATE[HY000] [2002] Connection refused╔════════════════════════════════════════════════════════════════╗
║  RFS 37: SISTEMA DE RECORDATORIOS AUTOMATICOS                 ║
║  Inicio: 2026-04-08 09:00:01                              ║
╚════════════════════════════════════════════════════════════════╝

→ Buscando citas entre 2026-04-09 09:00:01 y 2026-04-09 10:00:01
→ Configurado para enviar 24 horas antes de la cita

Error de conexion: SQLSTATE[HY000] [2002] Connection refused╔════════════════════════════════════════════════════════════════╗
║  RFS 37: SISTEMA DE RECORDATORIOS AUTOMATICOS                 ║
║  Inicio: 2026-04-08 10:00:01                              ║
╚════════════════════════════════════════════════════════════════╝

→ Buscando citas entre 2026-04-09 10:00:01 y 2026-04-09 11:00:01
→ Configurado para enviar 24 horas antes de la cita

Error de conexion: SQLSTATE[HY000] [2002] Connection refused╔════════════════════════════════════════════════════════════════╗
║  RFS 37: SISTEMA DE RECORDATORIOS AUTOMATICOS                 ║
║  Inicio: 2026-04-09 09:00:01                              ║
╚════════════════════════════════════════════════════════════════╝

→ Buscando citas entre 2026-04-10 09:00:01 y 2026-04-10 10:00:01
→ Configurado para enviar 24 horas antes de la cita

Error de conexion: SQLSTATE[HY000] [2002] Connection refused╔════════════════════════════════════════════════════════════════╗
║  RFS 37: SISTEMA DE RECORDATORIOS AUTOMATICOS                 ║
║  Inicio: 2026-04-09 10:00:01                              ║
╚════════════════════════════════════════════════════════════════╝

→ Buscando citas entre 2026-04-10 10:00:01 y 2026-04-10 11:00:01
→ Configurado para enviar 24 horas antes de la cita

Error de conexion: SQLSTATE[HY000] [2002] Connection refused╔════════════════════════════════════════════════════════════════╗
║  RFS 37: SISTEMA DE RECORDATORIOS AUTOMATICOS                 ║
║  Inicio: 2026-04-09 11:00:01                              ║
╚════════════════════════════════════════════════════════════════╝

→ Buscando citas entre 2026-04-10 11:00:01 y 2026-04-10 12:00:01
→ Configurado para enviar 24 horas antes de la cita

Error de conexion: SQLSTATE[HY000] [2002] Connection refused╔════════════════════════════════════════════════════════════════╗
║  RFS 37: SISTEMA DE RECORDATORIOS AUTOMATICOS                 ║
║  Inicio: 2026-04-09 14:00:01                              ║
╚════════════════════════════════════════════════════════════════╝

→ Buscando citas entre 2026-04-10 14:00:01 y 2026-04-10 15:00:01
→ Configurado para enviar 24 horas antes de la cita

Error de conexion: SQLSTATE[HY000] [2002] No such file or directory╔════════════════════════════════════════════════════════════════╗
║  RFS 37: SISTEMA DE RECORDATORIOS AUTOMATICOS                 ║
║  Inicio: 2026-04-09 16:00:01                              ║
╚════════════════════════════════════════════════════════════════╝

→ Buscando citas entre 2026-04-10 16:00:01 y 2026-04-10 17:00:01
→ Configurado para enviar 24 horas antes de la cita

Error de conexion: SQLSTATE[HY000] [2002] No such file or directory╔════════════════════════════════════════════════════════════════╗
║  RFS 37: SISTEMA DE RECORDATORIOS AUTOMATICOS                 ║
║  Inicio: 2026-04-09 17:00:01                              ║
╚════════════════════════════════════════════════════════════════╝

→ Buscando citas entre 2026-04-10 17:00:01 y 2026-04-10 18:00:01
→ Configurado para enviar 24 horas antes de la cita

Error de conexion: SQLSTATE[HY000] [2002] No such file or directory╔════════════════════════════════════════════════════════════════╗
║  RFS 37: SISTEMA DE RECORDATORIOS AUTOMATICOS                 ║
║  Inicio: 2026-04-09 18:00:01                              ║
╚════════════════════════════════════════════════════════════════╝

→ Buscando citas entre 2026-04-10 18:00:01 y 2026-04-10 19:00:01
→ Configurado para enviar 24 horas antes de la cita

Error de conexion: SQLSTATE[HY000] [2002] No such file or directory╔════════════════════════════════════════════════════════════════╗
║  RFS 37: SISTEMA DE RECORDATORIOS AUTOMATICOS                 ║
║  Inicio: 2026-04-09 19:00:01                              ║
╚════════════════════════════════════════════════════════════════╝

→ Buscando citas entre 2026-04-10 19:00:01 y 2026-04-10 20:00:01
→ Configurado para enviar 24 horas antes de la cita

Error de conexion: SQLSTATE[HY000] [2002] No such file or directory